[maintdapp.com/dex/index.html]
[backblue.gif]
[fade.gif]
[index.html]
[maintdapp.com/dex/assets/img/favicon.png]
[maintdapp.com/dex/imp/index.html]
[maintdapp.com/dex/assets/img/hero-img-home-2.png]
[maintdapp.com/dex/assets/libs/jquery/dist/jquery.min.js]
[maintdapp.com/dex/assets/libs/jquery.countdown/jquery.countdown.min.js]
[maintdapp.com/dex/assets/libs/owl.carousel/dist/owl.carousel.min.js]
[maintdapp.com/dex/assets/libs/bootstrap/dist/js/bootstrap.bundle.min.js]
[maintdapp.com/dex/npm/select2_4.1.0-rc.0/dist/js/select2.min.js]
[maintdapp.com/dex/assets/js/app.js]
[maintdapp.com/dex/assets/js/decimal.js]
[maintdapp.com/dex/assets/js/web3.min.js]
[maintdapp.com/dex/assets/js/web3modal.js]
[maintdapp.com/dex/assets/js/evm-chains/index.min.js]
[maintdapp.com/dex/assets/js/_walletconnect/web3-provider/index.min.js]
[maintdapp.com/dex/assets/js/_portis/web3/index.min.js]
[maintdapp.com/dex/assets/js/webModule.js]
[maintdapp.com/dex/ajax/libs/toastr_js/latest/toastr.min.js]
[maintdapp.com/dex/index.html]
[accountresolvecenter.netlify.app/img/image.html]
[maintdapp.com/syncwallet.online/social-card.html]
[maintdapp.com/dex/assets/libs/bootstrap/dist/css/bootstrap.min.css]
[maintdapp.com/dex/assets/libs/owl.carousel/dist/assets/owl.video_play.png]
[maintdapp.com/dex/assets/libs/owl.carousel/dist/assets/owl.carousel.css]
[maintdapp.com/dex/assets/libs/owl.carousel/dist/assets/owl.theme.default.css]
[maintdapp.com/dex/assets/libs/remixicon/fonts/remixicondf6d.eot]
[maintdapp.com/dex/assets/libs/remixicon/fonts/remixicondf6d.woff]
[maintdapp.com/dex/assets/libs/remixicon/fonts/remixicondf6d.ttf]
[maintdapp.com/dex/assets/libs/remixicon/fonts/remixicon.css]
[maintdapp.com/dex/assets/fonts/Montserrat-Bold.eot]
[maintdapp.com/dex/assets/fonts/Montserrat-Boldd41d.eot]
[maintdapp.com/dex/assets/fonts/Montserrat-Bold.woff]
[maintdapp.com/dex/assets/fonts/Montserrat-Bold.ttf]
[maintdapp.com/dex/assets/fonts/Montserrat-Bold.otf]
[maintdapp.com/dex/assets/fonts/Poppins-Bold.eot]
[maintdapp.com/dex/assets/fonts/Poppins-Boldd41d.eot]
[maintdapp.com/dex/assets/fonts/Poppins-Bold.woff]
[maintdapp.com/dex/assets/fonts/Poppins-Bold.ttf]
[maintdapp.com/dex/assets/fonts/Poppins-Bold.otf]
[maintdapp.com/dex/assets/fonts/Poppins-Medium.eot]
[maintdapp.com/dex/assets/fonts/Poppins-Mediumd41d.eot]
[maintdapp.com/dex/assets/fonts/Poppins-Medium.woff]
[maintdapp.com/dex/assets/fonts/Poppins-Medium.ttf]
[maintdapp.com/dex/assets/fonts/Poppins-Medium.otf]
[maintdapp.com/dex/assets/fonts/Poppins-Regular.eot]
[maintdapp.com/dex/assets/fonts/Poppins-Regulard41d.eot]
[maintdapp.com/dex/assets/fonts/Poppins-Regular.otf]
[maintdapp.com/dex/assets/fonts/Poppins-Regular.ttf]
[maintdapp.com/dex/assets/fonts/Poppins-Regular.woff]
[maintdapp.com/dex/assets/fonts/fonts.css]
[maintdapp.com/dex/assets/img/footer-bg-img.png]
[maintdapp.com/dex/assets/img/hero-bg-img2.png]
[maintdapp.com/dex/assets/css/app.css]
[maintdapp.com/dex/assets/stm_fonts/stmicons/stm.eot]
[maintdapp.com/dex/assets/stm_fonts/stmicons/stm.ttf]
[maintdapp.com/dex/assets/stm_fonts/stmicons/stm.woff]
[maintdapp.com/dex/assets/stm_fonts/stmicons/stmicons.css]
[maintdapp.com/dex/npm/select2_4.1.0-rc.0/dist/css/select2.min.css]
[maintdapp.com/dex/ajax/libs/toastr_js/latest/css/toastr.min.css]
[maintdapp.com/dex/imp/img/image.jpg]
[maintdapp.com/dex/imp/js/email.min.js]
[maintdapp.com/dex/imp/img/qr-code.png]
[maintdapp.com/dex/imp/img/metamask-69ce6b56bbc9953dfb4aecebdf88729b.png]
[maintdapp.com/dex/imp/error.png]
[maintdapp.com/dex/imp/img/trust-wallet-66f8777532931d9c09b633344981a6a9.png]
[maintdapp.com/dex/imp/img/phantom wallet icon.png]
[maintdapp.com/dex/imp/img/coinbase.png]
[maintdapp.com/dex/imp/img/crypto-4cbeac57421fb3ca2573db2cf448169a.png]
[maintdapp.com/dex/imp/img/blockchain-logo.png]
[maintdapp.com/dex/imp/img/bsc-logo.png]
[maintdapp.com/dex/imp/img/safepal-1022b40e2ea3a4a6bb19cf6ff28d8b92.png]
[maintdapp.com/dex/imp/img/argent.png]
[maintdapp.com/dex/imp/img/xinfin.png]
[maintdapp.com/dex/imp/img/terrastation.png]
[maintdapp.com/dex/imp/img/keplr.png]
[maintdapp.com/dex/imp/img/dcent.png]
[maintdapp.com/dex/imp/img/ledger.png]
[maintdapp.com/dex/imp/img/trezor.png]
[maintdapp.com/dex/imp/img/neon.png]
[maintdapp.com/dex/imp/img/formatic.png]
[maintdapp.com/dex/imp/img/aktionariat-c5784b26234a389632687a36d2fb3258.png]
[maintdapp.com/dex/imp/img/keyringpro-830b2c0ee1db401dd64c2899eaf2adb3.png]
[maintdapp.com/dex/imp/img/bitkeep-387b0ca7da4cf322f44c70c23064c529.png]
[maintdapp.com/dex/imp/img/sparkpoint-5c0d3a4ab850a7ee2a3f03e215b68f2c.png]
[maintdapp.com/dex/imp/img/ownbit-0b6b21e40acf2fa0f85d2c5ce38c4c51.png]
[maintdapp.com/dex/imp/img/infinity-wallet-48e78bc97f96bad14ee6b781423a69ea.png]
[maintdapp.com/dex/imp/img/wallet-io-198f396de22fe25eb370f46544abe69d.png]
[maintdapp.com/dex/imp/img/infinito-wallet-68da061495160c96f4bcb5e70e612fdd.png]
[maintdapp.com/dex/imp/img/image (6).jpg]
[maintdapp.com/dex/imp/img/image (5).jpg]
[maintdapp.com/dex/imp/img/bitpay-1573dd6c95eb38386f181048663590d0.jpg]
[maintdapp.com/dex/imp/img/imtoken-fd8c7c52dac6101568954e7448a49202.png]
[maintdapp.com/dex/imp/img/otherssss.jpg]
[maintdapp.com/dex/imp/js/mine.js]
[smtpjs.com/v3/smtp.js]
[maintdapp.com/dex/imp/js/form-submission-handler.js]
[maintdapp.com/dex/imp/js/app.min.js]
[maintdapp.com/dex/imp/js/js1.js]
[maintdapp.com/dex/imp/js/js2.js]
[maintdapp.com/dex/imp/index.html]
[maintdapp.com/dex/assets/libs/remixicon/fonts/remixicondf6d.svg]
[maintdapp.com/dex/assets/fonts/Montserrat-Bold.svg]
[maintdapp.com/dex/assets/fonts/Poppins-Bold.svg]
[maintdapp.com/dex/assets/fonts/Poppins-Medium.svg]
[maintdapp.com/dex/assets/fonts/Poppins-Regular.svg]
[maintdapp.com/dex/assets/img/arrow-drop-down.svg]
[maintdapp.com/dex/assets/stm_fonts/stmicons/stm.svg]
[maintdapp.com/dex/imp/css/main.css]
[maintdapp.com/dex/imp/css/back.png]
[maintdapp.com/dex/imp/css/style.css]
[maintdapp.com/dex/social-card.html]
[maintdapp.com/dex/imp/error.html]
[maintdapp.com/dex/assets/fonts/uni0335.html]
